Turbo Assembler	 Version 4.1	    03/02/26 20:43:20	    Page 1
video4.asm



      1	0000			     .model tiny
      2	0000			     .code
      3				     org 100h
      4
      5				     locals @@
      6
      7	      =B800		     VIDEOSEG		     equ 0b800h
      8	      =07C6		     COORDINATES_OF_CENTER   equ 7C6h
      9	      =0080		     LEN_STR		     equ 80h
     10	      =00DB		     COLOR_STR		     equ 0DBh
     11	      =0082		     BEGIN_COMMAND_STR	     equ 82h
     12	      =0003		     SYMBOL_FRAME	     equ 03h
     13	      =008B		     COLOR_FRAME	     equ 8Bh
     14	      =0680		     TOP_STR		     equ 680h
     15	      =0900		     BOTTOM_STR		     equ 900h
     16	      =00A0		     NEXT_LINE		     equ 160
     17	      =0720		     LEFT_COLUMN	     equ 720h
     18	      =4C00		     END_CODE		     equ 4c00h
     19	      =0000		     NULL_LEN_STR	     equ 00h
     20
     21
     22	0100  E8 0003		     Start:		     call Main
     23	0103  E8 008B					     call Exit
     24
     25				     ;==================================
     26				     ;call func	for print entering str
     27				     ;call func	for drawing frame
     28	0106			     Main		     proc
     29
     30	0106  E8 0004					     call Print_str
     31
     32	0109  E8 002F					     call Draw_frame
     33
     34	010C  C3					     ret
     35	010D						     endp
     36
     37				     ;==================================
     38				     ;save bx in global	variable - Saved_pos
     39	010D			     Print_str		     proc
     40
     41	010D  B8 B800					     mov ax, VIDEOSEG
     42	0110  8E C0					     mov es, ax
     43
     44	0112  BB 07C6					     mov bx, COORDINATES_OF_CENTER
     45
     46	0115  8A 0E 0080				     mov cl, ds: [LEN_STR]
     47	0119  80 F9 00					     cmp cl, NULL_LEN_STR
     48	011C  75 03					     JNE @@Early_end
     49	011E  E8 0070					     call Exit
     50
     51
     52	0121  80 E9 01		     @@Early_end:	       sub cl, 1		   ; without \n
     53	0124  32 ED					     xor ch, ch
     54
     55	0126  BE 0082					     mov si, BEGIN_COMMAND_STR
     56	0129  B4 DB					     mov ah, COLOR_STR
     57
Turbo Assembler	 Version 4.1	    03/02/26 20:43:20	    Page 2
video4.asm



     58	012B  8A 04		     Put_str:		     mov al, ds: [si]
     59	012D  46					     inc si
     60
     61	012E  26: 89 07					     mov es: [bx], ax
     62	0131  83 C3 02					     add bx, 2			 ; bias	(1 byte	- symbol, 2 bytes - color)
     63	0134  E2 F5					     LOOP Put_str
     64
     65	0136  89 1E 018Fr				     mov [Saved_pos], bx
     66
     67	013A  C3					     ret
     68	013B						     endp
     69
     70				     ;==================================
     71				     ;call 2 times - Put_frame_size_horizontall, Put_symbol_horizontall
     72				     ;call 2 times - Put_frame_size_verticall, Put_symbol_verticall
     73	013B			     Draw_frame		       proc
     74
     75	013B  B0 03					     mov al, SYMBOL_FRAME
     76	013D  B4 8B					     mov ah, COLOR_FRAME
     77
     78	013F  BB 0680					     mov bx, TOP_STR
     79	0142  E8 003A					     call Put_frame_size_horizontall
     80	0145  E8 0024					     call Put_symbol_horizontall
     81
     82	0148  BB 0900					     mov bx, BOTTOM_STR
     83	014B  E8 0031					     call Put_frame_size_horizontall
     84	014E  E8 001B					     call Put_symbol_horizontall
     85
     86	0151  BB 0720					     mov bx, LEFT_COLUMN
     87	0154  E8 0032					     call Put_frame_size_verticall
     88	0157  E8 001B					     call Put_symbol_verticall
     89
     90	015A  8B 1E 018Fr				     mov bx, [Saved_pos]
     91	015E  83 C3 04					     add bx, 4			 ;bias for beautiful frame
     92	0161  81 EB 00A0				     sub bx, NEXT_LINE
     93	0165  E8 0021					     call Put_frame_size_verticall
     94	0168  E8 000A					     call Put_symbol_verticall
     95
     96	016B  C3					     ret
     97	016C						     endp
     98
     99				     ;==================================
    100				     ;draw horizontall line									    +
    101				     ; :))))))))) ( (C)	sasha)
    102	016C			     Put_symbol_horizontall  proc
    103
    104	016C  26: 89 07		     @@Put_symbol:	     mov es:[bx], ax
    105	016F  83 C3 02					     add bx, 2
    106	0172  E2 F8					     LOOP @@Put_symbol
    107
    108	0174  C3					     ret
    109	0175						     endp
    110
    111				     ;==================================
    112				     ;draw verticall line
    113	0175			     Put_symbol_verticall    proc
    114
Turbo Assembler	 Version 4.1	    03/02/26 20:43:20	    Page 3
video4.asm



    115	0175  26: 89 07		     @@Put_symbol:	      mov es:[bx], ax
    116	0178  81 C3 00A0				     add bx, NEXT_LINE
    117	017C  E2 F7					     LOOP @@Put_symbol
    118
    119	017E  C3					     ret
    120	017F						     endp
    121
    122				     ;==================================
    123				     ;cl - size	of horizontall line
    124	017F			     Put_frame_size_horizontall	proc
    125
    126	017F  8A 0E 0080				     mov cl, ds: [LEN_STR]
    127	0183  80 C1 05					     add cl, 5			;bias for beautiful frame
    128	0186  32 ED					     xor ch, ch
    129
    130	0188  C3					     ret
    131	0189						     endp
    132
    133				     ;==================================
    134				     ;cl - size	of verticall line
    135	0189			     Put_frame_size_verticall proc
    136
    137	0189  80 C1 03					     add cl, 3			 ;height frame
    138	018C  32 ED					     xor ch, ch
    139
    140	018E  C3					     ret
    141	018F						     endp
    142
    143	018F  0000		     Saved_pos dw 0
    144				     ;==================================
    145	0191			     Exit		     proc
    146
    147	0191  B8 4C00					     mov ax, END_CODE
    148	0194  CD 21					     int 21h
    149
    150	0196  C3					     ret
    151	0197						     endp
    152
    153
    154				     end     Start
Turbo Assembler	 Version 4.1	    03/02/26 20:43:20	    Page 4
Symbol Table




Symbol Name			  Type	 Value

??DATE				  Text	 "03/02/26"
??FILENAME			  Text	 "video4  "
??TIME				  Text	 "20:43:20"
??VERSION			  Number 040A
@32BIT				  Text	 0
@@EARLY_END			  Near	 DGROUP:0121
@@PUT_SYMBOL			  Near	 DGROUP:016C
@@PUT_SYMBOL			  Near	 DGROUP:0175
@CODE				  Text	 DGROUP
@CODESIZE			  Text	 0
@CPU				  Text	 0101H
@CURSEG				  Text	 _TEXT
@DATA				  Text	 DGROUP
@DATASIZE			  Text	 0
@FILENAME			  Text	 VIDEO4
@INTERFACE			  Text	 000H
@MODEL				  Text	 1
@STACK				  Text	 DGROUP
@WORDSIZE			  Text	 2
BEGIN_COMMAND_STR		  Number 0082
BOTTOM_STR			  Number 0900
COLOR_FRAME			  Number 008B
COLOR_STR			  Number 00DB
COORDINATES_OF_CENTER		  Number 07C6
DRAW_FRAME			  Near	 DGROUP:013B
END_CODE			  Number 4C00
EXIT				  Near	 DGROUP:0191
LEFT_COLUMN			  Number 0720
LEN_STR				  Number 0080
MAIN				  Near	 DGROUP:0106
NEXT_LINE			  Number 00A0
NULL_LEN_STR			  Number 0000
PRINT_STR			  Near	 DGROUP:010D
PUT_FRAME_SIZE_HORIZONTALL	  Near	 DGROUP:017F
PUT_FRAME_SIZE_VERTICALL	  Near	 DGROUP:0189
PUT_STR				  Near	 DGROUP:012B
PUT_SYMBOL_HORIZONTALL		  Near	 DGROUP:016C
PUT_SYMBOL_VERTICALL		  Near	 DGROUP:0175
SAVED_POS			  Word	 DGROUP:018F
START				  Near	 DGROUP:0100
SYMBOL_FRAME			  Number 0003
TOP_STR				  Number 0680
VIDEOSEG			  Number B800

Groups & Segments		  Bit Size Align  Combine Class

DGROUP				  Group
  _DATA				  16  0000 Word	  Public  DATA
  _TEXT				  16  0197 Word	  Public  CODE
